--------- beginning of main
02-24 16:40:27.476 13507 13603 D RLC     : [Relay] connect() creating ws#176245886340858 for wss://purplerelay.com
02-24 16:40:27.480 13507 13603 D RLC     : [Relay] connect() creating ws#176245890141517 for wss://nostr.coinfund.app
02-24 16:40:27.481 13507 13603 D RLC     : [Relay] connect() creating ws#176245892105262 for wss://nostr.lu.ke
02-24 16:40:27.483 13507 13603 D RLC     : [Relay] connect() creating ws#176245893650550 for wss://nostr.watch
02-24 16:40:27.486 13507 13603 D RLC     : [Relay] connect() creating ws#176245896823483 for wss://relay.taxi
02-24 16:40:27.532 13507 13603 D RLC     : [Pool] closeOnAllRelays(meta-batch-19)
02-24 16:40:27.751 13507 13603 D RLC     : [Pool] sendToAll sub=meta-batch-20 → 4 relays
02-24 16:40:27.783 13507 13582 D RLC     : [Pool] closeOnAllRelays(meta-batch-20)
02-24 16:40:27.990 13507 13599 D RLC     : [Pool] closeOnAllRelays(meta-batch-21)
02-24 16:40:28.230 13507 13604 D RLC     : [Pool] sendToAll sub=meta-batch-22 → 4 relays
02-24 16:40:28.271 13507 13604 D RLC     : [Pool] closeOnAllRelays(meta-batch-22)
02-24 16:40:28.664 13507 13582 D RLC     : [Pool] closeOnAllRelays(meta-batch-23)
02-24 16:40:33.631 13507 13784 E RLC     : [Relay] ws#176242013249018 onFailure wss://nostr.fmt.wiz.biz: failed to connect to nostr.fmt.wiz.biz/103.99.170.125 (port 443) from /192.168.2.181 (port 53946) after 10000ms | isCurrent=true isConnected=false
02-24 16:40:33.635 13507 13604 D RLC     : [Pool] connectionState=false for wss://nostr.fmt.wiz.biz | relay.isConnected=false appIsActive=true
02-24 16:40:34.423 13507 13832 D RLC     : [Relay] ws#176242138654047 onOpen wss://relay.guggero.org | isConnected was=false
02-24 16:40:34.426 13507 13604 D RLC     : [Pool] connectionState=true for wss://relay.guggero.org | relay.isConnected=true appIsActive=true
02-24 16:40:34.430 13507 13604 D RLC     : [Pool] connectedCount 61 → 62 (persistent=3/4 dm=2/3 ephemeral=57/203) appIsActive=true
02-24 16:40:34.431 13507 13604 D RLC     : [Pool] resync wss://relay.guggero.org: sending 1 subs: [engage-notif]
02-24 16:40:42.035 13507 14068 D RLC     : [Pool] closeOnAllRelays(meta-batch-17)
02-24 16:41:02.903 13507 13619 E RLC     : [Relay] ws#176242041138463 onFailure wss://bitstack.app: Expected HTTP 101 response but was '522 ' | isCurrent=true isConnected=false
02-24 16:41:02.904 13507 13582 D RLC     : [Pool] connectionState=false for wss://bitstack.app | relay.isConnected=false appIsActive=true
02-24 16:41:03.645 13507 13784 D RLC     : [Relay] ws#176242139440424 onOpen wss://fido-news.z7.ai | isConnected was=false
02-24 16:41:03.647 13507 13582 D RLC     : [Pool] connectionState=true for wss://fido-news.z7.ai | relay.isConnected=true appIsActive=true
02-24 16:41:03.651 13507 13582 D RLC     : [Pool] connectedCount 62 → 63 (persistent=3/4 dm=2/3 ephemeral=58/202) appIsActive=true
02-24 16:41:03.652 13507 13582 D RLC     : [Pool] resync wss://fido-news.z7.ai: sending 1 subs: [engage-notif]
02-24 16:41:32.560 13507 13507 D RLC     : [FeedSub] setFeedType FOLLOWS → EXTENDED_FOLLOWS feedSize=67
02-24 16:41:32.560 13507 13507 D RLC     : [FeedSub] setFeedType FOLLOWS → EXTENDED_FOLLOWS — filter-only switch, no resubscribe needed, feedSize=69
02-24 16:41:36.822 13507 13507 D RLC     : [FeedSub] setFeedType EXTENDED_FOLLOWS → RELAY feedSize=69
02-24 16:41:36.840 13507 13507 D RLC     : [FeedSub] resubscribeFeed() feedType=RELAY connectedCount=63
02-24 16:41:36.840 13507 13507 D RLC     : [Pool] closeOnAllRelays(feed)
02-24 16:41:36.840 13507 13507 D RLC     : [Pool] closing feed sub — total events=46 deduped=28
02-24 16:41:36.868 13507 13507 D RLC     : [Pool] closeOnAllRelays(engage)
02-24 16:41:36.893 13507 13507 D RLC     : [Pool] closeOnAllRelays(engage-notif)
02-24 16:41:36.914 13507 13507 D RLC     : [Pool] closeOnAllRelays(engage-notif-zap)
02-24 16:41:36.931 13507 13507 D RLC     : [FeedSub] resubscribeFeed: since=1771882896 (24h window)
02-24 16:41:36.934 13507 13507 D RLC     : [FeedSub] resubscribeFeed() sent to 1 relays, awaiting EOSE...
02-24 16:41:36.934 13507 13507 D RLC     : [FeedSub] awaiting 1/1 EOSEs for feedSubId=feed
02-24 16:41:37.039 13507 13582 D RLC     : [Pool] feed event #1: kind=1 from=e1739a65 relay=wss://relay.damus.io
02-24 16:41:37.057 13507 14091 D RLC     : [Pool] feed event #50: kind=1 from=e1069426 relay=wss://relay.damus.io
02-24 16:41:37.068 13507 14091 D RLC     : [Pool] feed event #100: kind=1 from=96c87765 relay=wss://relay.damus.io
02-24 16:41:37.079 13507 14091 D RLC     : [Pool] feed event #150: kind=1 from=26bfccc0 relay=wss://relay.damus.io
02-24 16:41:37.094 13507 14091 D RLC     : [Pool] feed event #200: kind=1 from=c558c7cc relay=wss://relay.damus.io
02-24 16:41:37.107 13507 14091 D RLC     : [Pool] feed event #250: kind=1 from=0e97a44a relay=wss://relay.damus.io
02-24 16:41:37.117 13507 13599 D RLC     : [Pool] feed event #300: kind=1 from=81b26cb9 relay=wss://relay.damus.io
02-24 16:41:37.128 13507 13603 D RLC     : [Pool] feed event #350: kind=1 from=7d4417d5 relay=wss://relay.damus.io
02-24 16:41:37.139 13507 14091 D RLC     : [Pool] feed event #400: kind=1 from=86fbc8f2 relay=wss://relay.damus.io
02-24 16:41:37.146 13507 13604 D RLC     : [Relay] connect() creating ws#176315556727122 for wss://primal.net
02-24 16:41:37.148 13507 13604 D RLC     : [Relay] connect() creating ws#176315558984935 for wss://relay.minibits.cash
02-24 16:41:37.150 13507 16110 D RLC     : [Pool] feed event #450: kind=1 from=818d7d77 relay=wss://relay.damus.io
02-24 16:41:37.150 13507 13604 D RLC     : [Relay] connect() creating ws#176315560359243 for wss://ir.purplerelay.com
02-24 16:41:37.151 13507 13604 D RLC     : [Relay] connect() creating ws#176315562192088 for wss://btc.klendazu.com
02-24 16:41:37.154 13507 13604 D RLC     : [Relay] connect() creating ws#176315564905630 for wss://knostr.neutrine.com
02-24 16:41:37.156 13507 13604 D RLC     : [Relay] connect() creating ws#176315566311025 for wss://libretechsystems.nostr1.com
02-24 16:41:37.157 13507 13604 D RLC     : [Relay] connect() creating ws#176315567774078 for wss://lightningrelay.com
02-24 16:41:37.161 13507 13604 D RLC     : [Relay] connect() creating ws#176315571441966 for wss://nostr.cercatrova.me
02-24 16:41:37.165 13507 16114 D RLC     : [Pool] feed event #500: kind=1 from=c558c7cc relay=wss://relay.damus.io
02-24 16:41:37.165 13507 16114 D RLC     : [Pool] feed EOSE from wss://relay.damus.io (total feed events=500 deduped=0)
02-24 16:41:37.166 13507 13604 D RLC     : [Relay] connect() creating ws#176315576323842 for wss://nostr.roundrockbitcoiners.com
02-24 16:41:37.168 13507 13604 D RLC     : [Relay] connect() creating ws#176315578785472 for wss://nostr.semisol.dev
02-24 16:41:37.171 13507 13604 D RLC     : [Relay] connect() creating ws#176315581272369 for wss://nostrrelay.com
02-24 16:41:37.171 13507 13604 D RLC     : [Relay] connect() creating ws#176315582191681 for wss://relay.lexingtonbitcoin.org
02-24 16:41:37.172 13507 13604 D RLC     : [Relay] connect() creating ws#176315582855052 for wss://relay.mostro.network
02-24 16:41:37.173 13507 13604 D RLC     : [Relay] connect() creating ws#176315583728261 for wss://relay.nquiz.io
02-24 16:41:37.174 13507 13604 D RLC     : [Relay] connect() creating ws#176315585172028 for wss://relay.nostr.band/trusted
02-24 16:41:37.175 13507 13604 D RLC     : [Pool] sendToAll sub=meta-batch-24 → 4 relays
02-24 16:41:37.210 13507 16110 D RLC     : [Pool] closeOnAllRelays(meta-batch-24)
02-24 16:41:37.217 13507 13507 D RLC     : [FeedSub] EOSE received, feed loaded
02-24 16:41:37.228 13507 13507 D RLC     : [Relay] connect() creating ws#176315638560944 for wss://bcast.girino.org
02-24 16:41:37.229 13507 13507 D RLC     : [Relay] connect() creating ws#176315639284129 for wss://bostr.shop
02-24 16:41:37.230 13507 13507 D RLC     : [Relay] connect() creating ws#176315640848297 for wss://relay.nostr.net
02-24 16:41:37.232 13507 13507 D RLC     : [Relay] connect() creating ws#176315642813955 for wss://nostr.sathoarder.com
02-24 16:41:37.233 13507 13507 D RLC     : [Relay] connect() creating ws#176315643629913 for wss://inbox.nostr.wine
02-24 16:41:37.235 13507 13507 D RLC     : [Relay] connect() creating ws#176315645630117 for wss://relay.nostrdvm.com
02-24 16:41:37.236 13507 13507 D RLC     : [Relay] connect() creating ws#176315646382233 for ws://umbrel.local:4848
02-24 16:41:37.236 13507 13507 D RLC     : [Relay] connect() creating ws#176315646923737 for wss://bitcoinmajlis.nostr1.com
02-24 16:41:37.237 13507 13507 D RLC     : [Relay] connect() creating ws#176315647558584 for wss://noornode.nostr1.com
02-24 16:41:37.239 13507 13507 D RLC     : [Relay] connect() creating ws#176315649325551 for wss://relay.minds.com/nostr/v1/ws
02-24 16:41:37.239 13507 13507 D RLC     : [Relay] connect() creating ws#176315650059845 for wss://relay.poster.place
02-24 16:41:37.240 13507 13507 D RLC     : [Relay] connect() creating ws#176315650890330 for wss://nostrudel
02-24 16:41:37.241 13507 13507 D RLC     : [Relay] connect() creating ws#176315651467641 for wss://relay.lnau.net
02-24 16:41:37.241 13507 13507 D RLC     : [Relay] connect() creating ws#176315651973785 for wss://relay.otherstuff.fyi
02-24 16:41:37.242 13507 13507 D RLC     : [Relay] connect() creating ws#176315652529653 for wss://teemie1-relay.duckdns.org
02-24 16:41:37.242 13507 13507 D RLC     : [Relay] connect() creating ws#176315653044952 for wss://wot.siamstr.com
02-24 16:41:37.243 13507 13507 D RLC     : [Relay] connect() creating ws#176315653845652 for wss://ditto.pub.relay
02-24 16:41:37.244 13507 13507 D RLC     : [Relay] connect() creating ws#176315654466421 for ws://dfw7yyex6iiunulijn3sqyxmp77xglybz63zr45ofrguel727y3bbayd.onion
02-24 16:41:37.244 13507 13507 D RLC     : [Relay] connect() creating ws#176315655019318 for wss://rss.nos.social
02-24 16:41:37.245 13507 13507 D RLC     : [Relay] connect() creating ws#176315655656606 for wss://relay.zhoushen929.com
02-24 16:41:37.246 13507 13507 D RLC     : [Relay] connect() creating ws#176315656277700 for wss://au.purplerelay.com
02-24 16:41:37.247 13507 13507 D RLC     : [Relay] connect() creating ws#176315657595490 for wss://lnbits.fckstate.net/nostrrelay/test-relay
02-24 16:41:37.247 13507 13507 D RLC     : [Relay] connect() creating ws#176315658100983 for wss://nostr1.tunnelsats.com
02-24 16:41:37.248 13507 13507 D RLC     : [Relay] connect() creating ws#176315658837026 for wss://nostr-01.bolt.observer
02-24 16:41:37.249 13507 13507 D RLC     : [Relay] connect() creating ws#176315659422190 for wss://relayer.fiatjaf.com
02-24 16:41:37.249 13507 13507 D RLC     : [Relay] connect() creating ws#176315660000356 for wss://nostr3.actn.io
02-24 16:41:37.251 13507 13507 D RLC     : [Relay] connect() creating ws#176315661345123 for wss://relay.ynniv.com
02-24 16:41:37.251 13507 13507 D RLC     : [Relay] connect() creating ws#176315661946523 for wss://librerelay.aaroniumii.com
02-24 16:41:37.252 13507 13507 D RLC     : [Relay] connect() creating ws#176315662405833 for wss://nostr.self-determined.de
02-24 16:41:37.252 13507 13507 D RLC     : [Relay] connect() creating ws#176315663192739 for wss://nostr.walletofsatoshi.com
02-24 16:41:37.253 13507 13507 D RLC     : [Relay] connect() creating ws#176315663771922 for wss://relayone.soundhsa.com
02-24 16:41:37.254 13507 13507 D RLC     : [Relay] connect() creating ws#176315664425853 for wss://wot.soundhsa.com
02-24 16:41:37.255 13507 13507 D RLC     : [Relay] connect() creating ws#176315665439891 for wss://brb.io
02-24 16:41:37.255 13507 13507 D RLC     : [Relay] connect() creating ws#176315665920522 for wss://https://thecitadel.nostr1.com
02-24 16:41:37.256 13507 13507 D RLC     : [Relay] connect() creating ws#176315666392527 for wss://https://theforest.nostr1.com
02-24 16:41:37.256 13507 13507 D RLC     : [Relay] connect() creating ws#176315666910838 for wss://nostr-pub.semisol.dev
02-24 16:41:37.257 13507 13507 D RLC     : [Relay] connect() creating ws#176315667556549 for wss://nostr-relay.nonce.academy
02-24 16:41:37.257 13507 13507 D RLC     : [Relay] connect() creating ws#176315668093130 for wss://nostr-relay.untethr.me
02-24 16:41:37.258 13507 13507 D RLC     : [Relay] connect() creating ws#176315668591583 for wss://nostr.0xtr.dev
02-24 16:41:37.258 13507 13507 D RLC     : [Relay] connect() creating ws#176315669077057 for wss://nostr.bitmatk.io
02-24 16:41:37.259 13507 13507 D RLC     : [Relay] connect() creating ws#176315669512116 for wss://nostr.btcmp.com
02-24 16:41:37.259 13507 13507 D RLC     : [Relay] connect() creating ws#176315670131460 for wss://nostr.onsats.org
02-24 16:41:37.260 13507 13507 D RLC     : [Relay] connect() creating ws#176315670688141 for wss://nostr.ownscale.org
02-24 16:41:37.261 13507 13507 D RLC     : [Relay] connect() creating ws#176315671305735 for wss://nostr.rocks
02-24 16:41:37.261 13507 13507 D RLC     : [Relay] connect() creating ws#176315671778554 for wss://nostr.sandwich.farm
02-24 16:41:37.262 13507 13507 D RLC     : [Relay] connect() creating ws#176315672344635 for wss://nostr.slothy.win
02-24 16:41:37.262 13507 13507 D RLC     : [Relay] connect() creating ws#176315672938751 for wss://nostr.v0l.io
02-24 16:41:37.263 13507 13507 D RLC     : [Relay] connect() creating ws#176315673462311 for wss://nostr.zebedee.cloud
02-24 16:41:37.263 13507 13507 D RLC     : [Relay] connect() creating ws#176315674010976 for wss://nostream.nostrly.io
02-24 16:41:37.264 13507 13507 D RLC     : [Relay] connect() creating ws#176315674537262 for wss://nostrsatva.net
02-24 16:41:37.264 13507 13507 D RLC     : [Relay] connect() creating ws#176315675069204 for wss://private.red.gb.net
02-24 16:41:37.265 13507 13507 D RLC     : [Relay] connect() creating ws#176315675585236 for wss://relay.alien.blue
02-24 16:41:37.265 13507 13507 D RLC     : [Relay] connect() creating ws#176315676130971 for wss://relay.nostr.ch
02-24 16:41:37.266 13507 13507 D RLC     : [Relay] connect() creating ws#176315676579254 for wss://relay.nostrica.com
02-24 16:41:37.266 13507 13507 D RLC     : [Relay] connect() creating ws#176315677165802 for wss://nostr.1312.media
02-24 16:41:37.267 13507 13507 D RLC     : [Relay] connect() creating ws#176315677719228 for wss://nostr.cypherpunk.today
02-24 16:41:37.268 13507 13507 D RLC     : [Relay] connect() creating ws#176315678404979 for wss://x.kojira.io
02-24 16:41:37.268 13507 13507 D RLC     : [Relay] connect() creating ws#176315679141876 for wss://nostream.ocha.one
02-24 16:41:37.269 13507 13507 D RLC     : [Relay] connect() creating ws#176315680165151 for wss://relay.yozora.world
02-24 16:41:37.270 13507 13507 D RLC     : [Relay] connect() creating ws#176315680927155 for wss://r.bitcoinhold.net
02-24 16:41:37.271 13507 13507 D RLC     : [Relay] connect() creating ws#176315681402171 for wss://relay-jp.haniwar.com
02-24 16:41:37.271 13507 13507 D RLC     : [Relay] connect() creating ws#176315681935008 for wss://nostr.compile-error.net
02-24 16:41:37.272 13507 13507 D RLC     : [Relay] connect() creating ws#176315682394521 for wss://nostr-relay.h3z.jp
02-24 16:41:37.272 13507 13507 D RLC     : [Relay] connect() creating ws#176315683250356 for wss://nostrja-kari.heguro.com
02-24 16:41:37.273 13507 13507 D RLC     : [Relay] connect() creating ws#176315683795644 for wss://nrelay-jp.c-stellar.net
02-24 16:41:37.274 13507 13507 D RLC     : [Relay] connect() creating ws#176315684384633 for wss://cagliostr.compile-error.net
02-24 16:41:37.274 13507 13507 D RLC     : [Relay] connect() creating ws#176315685053253 for wss://relay.notoshi.win
02-24 16:41:37.275 13507 13507 D RLC     : [Relay] connect() creating ws#176315685551870 for wss://ribo.eu.nostria.app
02-24 16:41:37.275 13507 13507 D RLC     : [Relay] connect() creating ws#176315685966583 for wss://ribo.us.nostria.app
02-24 16:41:37.276 13507 13507 D RLC     : [Relay] connect() creating ws#176315686450429 for ws://nostr.delotek.tk
02-24 16:41:37.276 13507 13507 D RLC     : [Relay] connect() creating ws#176315686953725 for wss://dev.nostrplayground.com
02-24 16:41:37.277 13507 13507 D RLC     : [Relay] connect() creating ws#176315687470734 for wss://khatru.puhcho.me
02-24 16:41:37.277 13507 13507 D RLC     : [Relay] connect() creating ws#176315687935659 for wss://relay.pleb.to
02-24 16:41:37.280 13507 13507 D RLC     : [Pool] sendToReadRelays sub=engage → 4 relays
02-24 16:41:37.284 13507 13599 D RLC     : [Relay] connect() creating ws#176315694817942 for wss://nostr-relay.cbrx.io
02-24 16:41:37.287 13507 13599 D RLC     : [Relay] connect() creating ws#176315697308746 for wss://relay.magiccity.live
02-24 16:41:37.289 13507 13599 D RLC     : [Relay] connect() creating ws#176315699597605 for wss://think.nostr1.com
02-24 16:41:37.290 13507 13599 D RLC     : [Pool] sendToAll sub=meta-batch-25 → 4 relays
02-24 16:41:37.290 13507 13507 D RLC     : [Pool] sendToReadRelays sub=engage-notif → 4 relays
02-24 16:41:37.293 13507 13507 D RLC     : [Pool] sendToReadRelays sub=engage-notif-zap → 4 relays
02-24 16:41:37.347 13507 14068 D RLC     : [Relay] connect() creating ws#176315758167877 for wss://relay.primal.net/
02-24 16:41:37.349 13507 14068 D RLC     : [Relay] connect() creating ws#176315759648021 for wss://premium.primal.net/
02-24 16:41:37.350 13507 14068 D RLC     : [Relay] connect() creating ws#176315760462555 for wss://relay.ditto.pub/
02-24 16:41:37.351 13507 14068 D RLC     : [Relay] connect() creating ws#176315761382558 for wss://relay.nostrplebs.com:
02-24 16:41:37.361 13507 14068 D RLC     : [Pool] closeOnAllRelays(meta-batch-25)
02-24 16:41:37.390 13507 13507 D RLC     : [Pool] closeOnAllRelays(quote-1)
02-24 16:41:37.401 13507 13995 D RLC     : [Pool] sendToAll sub=meta-batch-26 → 4 relays
02-24 16:41:37.481 13507 16113 D RLC     : [Pool] closeOnAllRelays(meta-batch-26)
02-24 16:41:37.505 13507 14091 D RLC     : [Pool] sendToAll sub=meta-batch-27 → 4 relays
02-24 16:41:37.607 13507 16126 D RLC     : [Pool] sendToAll sub=meta-batch-28 → 4 relays
02-24 16:41:37.660 13507 16113 D RLC     : [Pool] closeOnAllRelays(meta-batch-27)
02-24 16:41:37.660 13507 16126 D RLC     : [Pool] closeOnAllRelays(meta-batch-28)
02-24 16:41:37.710 13507 13582 D RLC     : [Pool] sendToAll sub=meta-batch-29 → 4 relays
02-24 16:41:37.765 13507 16113 D RLC     : [Pool] closeOnAllRelays(meta-batch-29)
02-24 16:41:37.840 13507 16112 D RLC     : [Pool] sendToAll sub=meta-batch-30 → 4 relays
02-24 16:41:37.880 13507 13582 D RLC     : [Pool] closeOnAllRelays(meta-batch-30)
02-24 16:41:37.968 13507 13995 D RLC     : [Pool] sendToAll sub=meta-batch-31 → 4 relays
02-24 16:41:38.011 13507 13582 D RLC     : [Pool] closeOnAllRelays(meta-batch-31)
02-24 16:41:41.571 13507 13507 D OutboxRouter: requestMissingRelayLists: 9 total, 9 cached, 0 missing
02-24 16:41:41.571 13507 13507 D RLC     : [FeedSub] setFeedType RELAY → LIST feedSize=333
02-24 16:41:41.577 13507 13507 D RLC     : [FeedSub] resubscribeFeed() feedType=LIST connectedCount=63
02-24 16:41:41.577 13507 13507 D RLC     : [Pool] closeOnAllRelays(feed)
02-24 16:41:41.577 13507 13507 D RLC     : [Pool] closing feed sub — total events=500 deduped=0
02-24 16:41:41.617 13507 13507 D RLC     : [Pool] closeOnAllRelays(engage)
02-24 16:41:41.646 13507 13507 D RLC     : [Pool] closeOnAllRelays(engage-notif)
02-24 16:41:41.672 13507 13507 D RLC     : [Pool] closeOnAllRelays(engage-notif-zap)
02-24 16:41:41.692 13507 13507 D RLC     : [FeedSub] resubscribeFeed: since=1771882901 (24h window)
02-24 16:41:41.695 13507 13507 D RLC     : [OutboxRouter] poolUrls=4, connectedCount=63
02-24 16:41:41.696 13507 13507 D RLC     : [Pool] sendToRelay(wss://relay.utxo.one) sub=feed sent=true connected=true
02-24 16:41:41.696 13507 13507 D RLC     : [Pool] sendToRelay(wss://relay.bitcoinpark.com) sub=feed sent=true connected=true
02-24 16:41:41.697 13507 13507 D RLC     : [Pool] sendToRelay(wss://relay.utxo.one/inbox) sub=feed sent=true connected=true
02-24 16:41:41.697 13507 13507 D RLC     : [Pool] sendToRelay(wss://wot.utxo.one) sub=feed sent=false connected=false
02-24 16:41:41.697 13507 13507 D RLC     : [Pool] sendToRelay(wss://relay.nostr.band) SKIPPED — not in relayIndex
02-24 16:41:41.697 13507 13507 D RLC     : [Pool] sendToRelay(wss://nostr.wine) sub=feed sent=true connected=true
02-24 16:41:41.697 13507 13507 D RLC     : [Pool] sendToRelay(wss://relay.noswhere.com) sub=feed sent=true connected=true
02-24 16:41:41.698 13507 13507 D RLC     : [OutboxRouter] subscribeByAuthors(feed): 9 authors → 4 pool relays targeted, 9 fallback authors, 3 indexers
02-24 16:41:41.698 13507 13507 D RLC     : [FeedSub] resubscribeFeed() sent to 7 relays, awaiting EOSE...
02-24 16:41:41.698 13507 13507 D RLC     : [FeedSub] awaiting 4/7 EOSEs for feedSubId=feed
02-24 16:41:41.736 13507 13582 D RLC     : [Pool] feed EOSE from wss://relay.utxo.one (total feed events=0 deduped=0)
02-24 16:41:41.753 13507 13582 D RLC     : [Pool] feed event DEDUPED #1: kind=1 from=3f770d65
02-24 16:41:41.760 13507 13582 D RLC     : [Pool] feed event #1: kind=1 from=8fb140b4 relay=wss://nostr.wine
02-24 16:41:41.764 13507 13582 D RLC     : [Pool] feed EOSE from wss://relay.utxo.one/inbox (total feed events=8 deduped=1)
02-24 16:41:41.794 13507 16110 D RLC     : [Pool] feed EOSE from wss://nostr.wine (total feed events=41 deduped=1)
02-24 16:41:41.794 13507 13582 D RLC     : [Pool] feed EOSE from wss://relay.bitcoinpark.com (total feed events=41 deduped=1)
02-24 16:41:41.794 13507 13507 D RLC     : [FeedSub] EOSE received, feed loaded
02-24 16:41:41.807 13507 13507 D RLC     : [Pool] sendToReadRelays sub=engage-notif → 4 relays
02-24 16:41:41.810 13507 13507 D RLC     : [Pool] sendToReadRelays sub=engage-notif-zap → 4 relays
02-24 16:41:41.926 13507 13995 D RLC     : [Pool] feed EOSE from wss://relay.noswhere.com (total feed events=41 deduped=1)
02-24 16:41:42.127 13507 13507 D RLC     : [Pool] closeOnAllRelays(quote-2)
02-24 16:42:01.912 13507 13507 D RLC     : [FeedSub] setFeedType LIST → FOLLOWS feedSize=10
02-24 16:42:01.914 13507 13507 D RLC     : [FeedSub] switching from LIST to FOLLOWS — clearing feed and resubscribing
02-24 16:42:01.914 13507 13507 D RLC     : [FeedSub] resubscribeFeed() feedType=FOLLOWS connectedCount=63
02-24 16:42:01.914 13507 13507 D RLC     : [Pool] closeOnAllRelays(feed)
02-24 16:42:01.914 13507 13507 D RLC     : [Pool] closing feed sub — total events=41 deduped=1
02-24 16:42:01.942 13507 13507 D RLC     : [Pool] closeOnAllRelays(engage-notif)
02-24 16:42:01.969 13507 13507 D RLC     : [Pool] closeOnAllRelays(engage-notif-zap)
02-24 16:42:01.991 13507 13507 D RLC     : [FeedSub] resubscribeFeed: since=1771882921 (24h window)
02-24 16:42:01.995 13507 13507 D RLC     : [FeedSub] resubscribeFeed: 7622 authors, 3 indexers, 9 excluded
02-24 16:42:01.996 13507 13507 D RLC     : [OutboxRouter] poolUrls=4, connectedCount=63
02-24 16:42:02.059 13507 13507 D RLC     : [Pool] sendToRelay(wss://relay.bitcoinpark.com) sub=feed sent=true connected=true
02-24 16:42:02.080 13507 13507 D RLC     : [Pool] sendToRelay(wss://relay.utxo.one) sub=feed sent=true connected=true
02-24 16:42:02.099 13507 13507 D RLC     : [Pool] sendToRelay(wss://wot.utxo.one) sub=feed sent=false connected=false
02-24 16:42:02.119 13507 13507 D RLC     : [Pool] sendToRelay(wss://relay.utxo.one/inbox) sub=feed sent=true connected=true
02-24 16:42:02.144 13507 13507 D RLC     : [Pool] sendToRelay(wss://relay.nostr.band) SKIPPED — not in relayIndex
02-24 16:42:02.144 13507 13507 D RLC     : [Pool] sendToRelay(wss://nostr.wine) sub=feed sent=true connected=true
02-24 16:42:02.148 13507 13507 D RLC     : [Pool] sendToRelay(wss://relay.noswhere.com) sub=feed sent=true connected=true
02-24 16:42:02.148 13507 13507 D RLC     : [OutboxRouter] subscribeByAuthors(feed): 7622 authors → 4 pool relays targeted, 7270 fallback authors, 3 indexers
02-24 16:42:02.148 13507 13507 D RLC     : [FeedSub] resubscribeFeed() sent to 7 relays, awaiting EOSE...
02-24 16:42:02.149 13507 13507 D RLC     : [FeedSub] awaiting 4/7 EOSEs for feedSubId=feed
02-24 16:42:02.309 13507 13604 D RLC     : [Pool] feed event DEDUPED #1: kind=1 from=e2ccf7cf
02-24 16:42:02.309 13507 13604 D RLC     : [Pool] feed event #1: kind=6 from=e2ccf7cf relay=wss://relay.utxo.one
02-24 16:42:02.346 13507 13604 D RLC     : [Pool] feed EOSE from wss://relay.utxo.one (total feed events=18 deduped=12)
02-24 16:42:02.446 13507 13995 D RLC     : [Pool] feed event DEDUPED #50: kind=1 from=b133bfc5
02-24 16:42:02.481 13507 13995 D RLC     : [Pool] feed EOSE from wss://relay.utxo.one/inbox (total feed events=20 deduped=62)
02-24 16:42:03.035 13507 13995 D RLC     : [Pool] feed EOSE from wss://relay.noswhere.com (total feed events=31 deduped=92)
02-24 16:42:03.057 13507 13582 D RLC     : [Pool] feed EOSE from wss://relay.bitcoinpark.com (total feed events=36 deduped=92)
02-24 16:42:03.065 13507 13507 D RLC     : [FeedSub] EOSE received, feed loaded
02-24 16:42:03.094 13507 13507 D RLC     : [Pool] sendToReadRelays sub=engage-notif → 4 relays
02-24 16:42:03.099 13507 13507 D RLC     : [Pool] sendToReadRelays sub=engage-notif-zap → 4 relays
02-24 16:42:03.393 13507 13507 D RLC     : [Pool] closeOnAllRelays(quote-3)
